// Vitest Snapshot v1, https://vitest.dev/guide/snapshot.html

exports[`Page 1`] = `
"<div class="flex flex-col p-8 gap-4">
  <h1 class="text-4xl font-extrabold">vue-qrcode-image</h1>
  <section class="space-y-2">
    <h2 class="text-3xl font-bold">Basic</h2><img class="border rounded-lg" src="data:image/gif;base64,R0lGODlh3gDeAIAAAP///wAAACwAAAAA3gDeAAAC/4SPqcvtD6OctNqLs968+w+G4kiW5omm6sq27gvH8kzX9o3n+s73/g8MCofEovGITCqXzKbzCY1Kp9Sq9YrNarfcrvcLDovH5LL5jE6rz4G2+w2Py+dxSH1zR+QbdLeiDxhIRyNYaGgHx7FnsLgQ+GcY2UcoWdkI+aaYmHDJCYhpGUoZKvrQSdF4evDoSWo56iqJmIm3qWfL99kaGwnLWzjrV0t7S5w7ufsr6BsgkqpbfJj8Og3a5owLo4rxjBwNPF1p3Vwdsp1ybtE9GA69Gjseb579kl6xPjfO+k3NLw9iz0TACfjk6HPHCF45f/OMaaOnySGAfe96tbPIMOOHgf8kClJMKPGgN4IQTSGcSE/cwhgeT55Tiaqkg48oJcKsKExGy5Egcx6TFjOkSZ41ffYEp/GhTVkrGdyUwLFovqZSl1F1sZNdUkdMgxqNQDPr1K1YU3bFeW0oUJJCZ7o0ixEtOZ1w1x6dK7egSFL/fqblF1bmCrEGqQZequyv3GCK7x7+Whax3ap7G1O+yPeq4bN3mVUuvPWx5cRfX9ZFungGYb2YR5/+1dfpa9F4lZbmfBnw689Pc/utXZW259agU3t13fb3Z8bAe0fFJhl153u7qUcvLvu6cNWz3ybPfvs7V+2Cp+sm+rxh+MlRWR9vfjJ2cO+QW6yu/l4+8+VqkbP/L49Od+gBKF97AtYXGm7pAUSgdev5Z1mB8fUHn3jqNCgQhmw9WCGCxuWloXkferDgRiGChd+I43Fo4HXQeahCieBB2GGEmxG1n2YayNgBjxK6SCF/+emYgY/DwHiBeyr+qNWGNL5oIwukSeebiFZWiaWSjk1p5I5c0vfkjRwySeOXJ0JpZopXapmlmvOlCVxkcLrJZp10ztllkXjeCWSCfaq455nqBUpmjYYWWiieazhY5oRuWbjoDfdBSlakPEyKpH6W7oBplMptCkSncQYJ6g+iXkhpFVzypiBuiIoZZqV0kcZqXFviCOuhuWo6a2K1/mfrirECymem9k35K5W9/73q55hE2qZMslad1+SMujY77JXM8CItbTQxS+yf2nInbpJu5uhloJ5aO5ysTl77bkTqompshuXSmy2KqVqrKKOjSnmuv7x+mu68ApPrbMH5oqunuv8SzFLAQ7rL7pGEHtxrKdQ2Sh6tuz7bBLfECQmix9jCS4XIGxsqqnPFrhuyQiuTfKuvH1Mcsys0v8kisjcvGYXKJffcsc0nD5wygNutbFqw3YKJMqdKQy0tc98S5/K9OTRdbZtOYz21yeHWG7F4Sw891m9XM92q1jhwnfaaroJtts9Hmxp216dSuDba/YwNs5wa+73zqj+T6KikMhM+Mt3AJmwirm8vXjPHRP9ndjeDkiuuc+MzO66sxA13rYPQlbN84OBy76sv6VtTzrPlsv+9OtlQJW7D3gpjhyXD/L78cMUZo7757QOyDjfvbPpeT+q846v8icnbibygml8et7nH296754AHLyz4KOg+evYtInn2uI9yj2bVFkdffd3bL0zq8NNTPShs3teefem4xw4/9vENdukDYKj+lzUBri9a+/Oa6yZXPAAu732mM2Cu8tQRBLZNgWojIP4+54O+nW6Cu6tgAUUotfmBD4XyMt8HGbdA8SHMhfJ7YOT09sLTMc9/KrSa9d5FmETlLXAzDCDMWEhB5wmxhkS0n+h0eAJvAS95B+zhAFkHvSD/XnCIMoTg4+gXQ8Ndb3ZMSCAYOyg2xBWtiT0wY9R8mMYeKXEJbkRa+MR4QzLScYNn/F0cW0g8DuaOj2+8otHyGEg2QmuFP/SjDY2HvS+Ba5E7TGIEmeewfGFQe+hr5B3/h8lMTrJ5TOwiEEFZP7/hkX+mzGAp0YTEGD6tc5krWyexaMj+YUyVdvteu2DIS1y+R4vD5GIVI+k+e+Hwkg204y+hyDZhnnKNrbSgLPFGzWSWQIrxe2T3vKjHaAqydTT05s6cWcTCzW2MRnxeLhkpzRg5j5vLvCXkHHlEDcZzBC2b5xMdmM8IonCTgJxlJEnoy3fC0Z6KDBA16VnOgN7z/5OlpOLrHgq1Ao7ynM0EmeASOa1gTnSjHQUhxAZZUX8GC6LtXKUEPVlQhYIupNAU6exMuM7BcLGfKiTfCD34NYClFKMrzahR47isYw31oIT06UtpadNqtk+m4gxdT496yJ/us4w5/GZU0VlVmn7hhDvt6kJVN9au3s+KxYQqGMi61IhW06VegCtDxXo+BorBrhK1KvfoqlSDhTWLWJWrNi8lypkS9qps/So2BevYttbTrzeFaRQTO1h/sZR6k+EhZLX616aqNaco/exTQ1vU1DJ1q5dlLc4smtlaQrKhBN2lGu8aStX2MXzQe6YcX5lK0GpSesR1bfmkGlzeJreOHv9tLs7GZ9nXGlOxhyPnXKN73Klec7uRTejE4pVO6p5ssypd7RcLKVTzDle3eBWtWwGKXHYeFr7kJap62+s2ndp3veet7335Gl9EztepbvQvZdGr3/sucbL47S9QRxrYypYLwL0t6feSml4JT5TCtrXmSU+rywyDlLOGde6FpxvW2n5XuFHj8Io9LLyoqhi8sT3xhIuLzOXC7qMDnqNsrcvR8ZLWoQreIjPDiMoU7zi8NWZlLNFozplW0LfMbTInqXRWSV60yEI+MpRD/GUtg3PEU0xymPO6J89qmL9Y1qyZWTxlJgtYvNNEbVbhq+YAx5jFi7WzXr3LuXEuGMz4vC6PUv/J4/zNN8t9RitCKaloOs/WnUh+76NJKWgjR9mkk8ZpfhfZry6blqed3fLFRH1qG985z6FWdaqd3EvEOmzQadb0n2U96vKaidZxHnOrYT1rW+uvVMQutrGPjexkK3vZzG62s58N7WhLe9rUrra1r43tbGt729zutre/De5wi3vc5C63uc+N7nSre91NKAAAOw==">
  </section>
  <section class="space-y-2">
    <h2 class="text-3xl font-bold">Size</h2>
    <div class="flex gap-4">
      <div>
        <div>:size="5"</div><img class="border rounded-lg" src="data:image/gif;base64,R0lGODlhwQDBAIAAAP///wAAACwAAAAAwQDBAAAC/4SPqcvtD6OctNqLs968+w+G4kiW5omm6sq27gvH8kzX9o3n+s73/g8MCofEovGITCqXzKbzCY1Kp9Sq9YrNarfcrvcLDovH5ID5jE6r12tHGvNGxBlsc6KOz89j+j7ejQYXKDdIV3fnl7gHo9ho17A4sRhJyIbomEiDqQh4JuhZ+WhoGbqZp2na1ylaMVm48FeaSipDaeFKa5Ap63fJCmDb+so4/Pkbe7CbjOkb0NwRvBItOYys28urWvrMMZ3iHYHblj2+7Mht/mvsPAMOIa7WbA3MvG2/4W4CPx+t/F4M6dC9a9rSsatVDZvBVack5OOXsCBBdS72CVwYUOKDh/8XJx70CBEUQpEgO9IjqcDfRoCjynmUZzJfCYu5TlI0OI8htZo0Xdr8SAylyp5AiQ5l+ZJcvIFBjylMijOi01noYEltiHHkVD1Vf8KDeY5p16MoXxi9CnZr0VlryzIle5PFWaFXvyqFC3Ts05+o6Grk6DduyrpI+d5F244wz8J63bZs67MxV7EVFfsErHan2n6Wl2bl09luOMSjA3u2ajqkYBVzMzsk/S914daQ81Z2LMx0V8mnV+ruxvhb8NKuPw+Wjft4cQ0ySTR/zFunUs21oQ0/8Rz1csPQp7/+je+6PvHSjXNGvvot+YzpUbDFCjU+d/mi6b83afb+YvD2+c///69fTfkFWB+AsBnoH4G9DajgdgU+eGCD640gYYIRXmhhhWTEthl+7Nm2YVO15fRhiDbQRp2JNaD4XXsqYheaeNkl8V5anByWHIQZbtdXKjbiRaJ5GDo4IYxU4ThZVAKqt2N1lGllyo97qRQdk0Qmx2CUSMLnlYdCNlnlDQWm+KR2IHLYIJlQ7taik8Sd6ZuEaoLm35z/lZebnG326GaefcYJJ0MK2pklm28aauY6g+6ZWFhKdoiell/yyMQmNl66JV5hPmGpd4+OyNamd1Zaz6eYftrppH82kWpJkUrpaH+UQnHeZTHmuBesScoaaKOCqQbqkqjOFqqVva75oY67/yrHpa5cjolDrb2x+FiQrjYiag7SKtvsloKWyqu24Hb5aqYxHahokdKMCyxtwCJKgbUrsnvufj4aa52wJ9Jr77TFqppvZNHya2u/rSLoIqAzsnZrwqfKhyez3BJ6G6QCvwltd9UOeSzEFQd7MZoZJ5osxxS3QK2fIzP7LZiMIjssliXXWeLMVya88AfyagrckaYam7N7Xl7rr8wYE1y0xR2LuG29Dtt848+qBm1kyOQW/PTGsV79p7x8Nt1vwJISzRvV64YNtQjtciytD++mHcLaTbbdw9taZy1yZ2UTazSdWMPp9QVy37xgmfOifffS1BG1N659H77sys5SKbjeR//wbFzL94ZXrhGYe5z4wes8TMTno4Y+7uieFmE6ZveJTbq4juMt8dCATo40vAzPrjjUM7qbu+G7/6qus6rHvHm4vgJevLeVR1ojvstHnK6+t5u7teTCdU602aQHLjXJPDDuPAiDL71z80Jzz7X3q3O9ON+0Dw9y/e6HD3+bdI9vOfK9H80+zTHvcYXCntJWhkDbpY+A2zug054lv1W9L3bC+xjuoIcu6SVOgNSbngHtl0GAwW2DNRNTw5IGQd7Ba4FWux/sRti9KT3wfAejHMoiCDyDnfCCkcuVBWHYPhnqcIjJCyIDKYTDE57PeB+kofpeSEL/LbF8McyeD6tgN9D/VXFWZhKdFbJ4ui1KEHUauQIYwfa3+G3NjA9coRBx9q8snDGJiMvbGj+2KP+p8W9zLOPANERFhc2wjYGUnZ70qL9B1tGI82tgmgrpux0CzXZfIxATAchHQiKSf0cUnydZFkjtZa6EfvvfJ92IQZcd6mWlhOIpJ7lI151MLk8Moy1ThjD0yaiWnGvkKH/Jqz7C8XEufJ4D56bITBIxasqDmRgbp8xoorCGIaRlKgnnxGuC8C/VPNsxsZnMaYazdbxkjiSnNs5zilGYpoybOnM5MVbmT2PrLGcGcEk+Ea4Sf9Ds1g212c9skXKen/TiP7/ZNU1qEZT8hOWyCrjJYJpMyp4s3KbV6HdJiVpPgK7L474A6tDCYVKkXbTkHxHaz99dsaQBMqRFE+rHkXbUpCYEKTo3GkliVqidM6klLjmYSCvSzJn3fCdQZfrGMbayZygN6jCLKEpr+lKjF51gTns41KX28qV71KXPmvnRQ1L1kTctoks9Cs+dpjR1JyXrWNGaw4e2Fa5KjGNav6qDncJUr+DE64v+CtjACnawhC2sYQ+L2MQqdrGMbaxjHwvZyEp2spStrGUvi9nManaznO2sZz8L2tCKdrSRLQAAOw==">
      </div>
      <div>
        <div>:size="6" (default)</div><img class="border rounded-lg" src="data:image/gif;base64,R0lGODlh3gDeAIAAAP///wAAACwAAAAA3gDeAAAC/4SPqcvtD6OctNqLs968+w+G4kiW5omm6sq27gvH8kzX9o3n+s73/g8MCofEovGITCqXzKbzCY1Kp9Sq9YrNarfcrvcLDovH5LL5jE6rz4G2+w2Py+dxSH1zR+QbdLeiDxhIRyNYaGgHx7FnsLgQ+GcY2UcoWdkI+aaYmHDJCYhpGUoZKvrQSdF4evDoSWo56iqJmIm3qWfL99kaGwnLWzjrV0t7S5w7ufsr6BsgkqpbfJj8Og3a5owLo4rxjBwNPF1p3Vwdsp1ybtE9GA69Gjseb579kl6xPjfO+k3NLw9iz0TACfjk6HPHCF45f/OMaaOnySGAfe96tbPIMOOHgf8kClJMKPGgN4IQTSGcSE/cwhgeT55Tiaqkg48oJcKsKExGy5Egcx6TFjOkSZ41ffYEp/GhTVkrGdyUwLFovqZSl1F1sZNdUkdMgxqNQDPr1K1YU3bFeW0oUJJCZ7o0ixEtOZ1w1x6dK7egSFL/fqblF1bmCrEGqQZequyv3GCK7x7+Whax3ap7G1O+yPeq4bN3mVUuvPWx5cRfX9ZFungGYb2YR5/+1dfpa9F4lZbmfBnw689Pc/utXZW259agU3t13fb3Z8bAe0fFJhl153u7qUcvLvu6cNWz3ybPfvs7V+2Cp+sm+rxh+MlRWR9vfjJ2cO+QW6yu/l4+8+VqkbP/L49Od+gBKF97AtYXGm7pAUSgdev5Z1mB8fUHn3jqNCgQhmw9WCGCxuWloXkferDgRiGChd+I43Fo4HXQeahCieBB2GGEmxG1n2YayNgBjxK6SCF/+emYgY/DwHiBeyr+qNWGNL5oIwukSeebiFZWiaWSjk1p5I5c0vfkjRwySeOXJ0JpZopXapmlmvOlCVxkcLrJZp10ztllkXjeCWSCfaq455nqBUpmjYYWWiieazhY5oRuWbjoDfdBSlakPEyKpH6W7oBplMptCkSncQYJ6g+iXkhpFVzypiBuiIoZZqV0kcZqXFviCOuhuWo6a2K1/mfrirECymem9k35K5W9/73q55hE2qZMslad1+SMujY77JXM8CItbTQxS+yf2nInbpJu5uhloJ5aO5ysTl77bkTqompshuXSmy2KqVqrKKOjSnmuv7x+mu68ApPrbMH5oqunuv8SzFLAQ7rL7pGEHtxrKdQ2Sh6tuz7bBLfECQmix9jCS4XIGxsqqnPFrhuyQiuTfKuvH1Mcsys0v8kisjcvGYXKJffcsc0nD5wygNutbFqw3YKJMqdKQy0tc98S5/K9OTRdbZtOYz21yeHWG7F4Sw891m9XM92q1jhwnfaaroJtts9Hmxp216dSuDba/YwNs5wa+73zqj+T6KikMhM+Mt3AJmwirm8vXjPHRP9ndjeDkiuuc+MzO66sxA13rYPQlbN84OBy76sv6VtTzrPlsv+9OtlQJW7D3gpjhyXD/L78cMUZo7757QOyDjfvbPpeT+q846v8icnbibygml8et7nH296754AHLyz4KOg+evYtInn2uI9yj2bVFkdffd3bL0zq8NNTPShs3teefem4xw4/9vENdukDYKj+lzUBri9a+/Oa6yZXPAAu732mM2Cu8tQRBLZNgWojIP4+54O+nW6Cu6tgAUUotfmBD4XyMt8HGbdA8SHMhfJ7YOT09sLTMc9/KrSa9d5FmETlLXAzDCDMWEhB5wmxhkS0n+h0eAJvAS95B+zhAFkHvSD/XnCIMoTg4+gXQ8Ndb3ZMSCAYOyg2xBWtiT0wY9R8mMYeKXEJbkRa+MR4QzLScYNn/F0cW0g8DuaOj2+8otHyGEg2QmuFP/SjDY2HvS+Ba5E7TGIEmeewfGFQe+hr5B3/h8lMTrJ5TOwiEEFZP7/hkX+mzGAp0YTEGD6tc5krWyexaMj+YUyVdvteu2DIS1y+R4vD5GIVI+k+e+Hwkg204y+hyDZhnnKNrbSgLPFGzWSWQIrxe2T3vKjHaAqydTT05s6cWcTCzW2MRnxeLhkpzRg5j5vLvCXkHHlEDcZzBC2b5xMdmM8IonCTgJxlJEnoy3fC0Z6KDBA16VnOgN7z/5OlpOLrHgq1Ao7ynM0EmeASOa1gTnSjHQUhxAZZUX8GC6LtXKUEPVlQhYIupNAU6exMuM7BcLGfKiTfCD34NYClFKMrzahR47isYw31oIT06UtpadNqtk+m4gxdT496yJ/us4w5/GZU0VlVmn7hhDvt6kJVN9au3s+KxYQqGMi61IhW06VegCtDxXo+BorBrhK1KvfoqlSDhTWLWJWrNi8lypkS9qps/So2BevYttbTrzeFaRQTO1h/sZR6k+EhZLX616aqNaco/exTQ1vU1DJ1q5dlLc4smtlaQrKhBN2lGu8aStX2MXzQe6YcX5lK0GpSesR1bfmkGlzeJreOHv9tLs7GZ9nXGlOxhyPnXKN73Klec7uRTejE4pVO6p5ssypd7RcLKVTzDle3eBWtWwGKXHYeFr7kJap62+s2ndp3veet7335Gl9EztepbvQvZdGr3/sucbL47S9QRxrYypYLwL0t6feSml4JT5TCtrXmSU+rywyDlLOGde6FpxvW2n5XuFHj8Io9LLyoqhi8sT3xhIuLzOXC7qMDnqNsrcvR8ZLWoQreIjPDiMoU7zi8NWZlLNFozplW0LfMbTInqXRWSV60yEI+MpRD/GUtg3PEU0xymPO6J89qmL9Y1qyZWTxlJgtYvNNEbVbhq+YAx5jFi7WzXr3LuXEuGMz4vC6PUv/J4/zNN8t9RitCKaloOs/WnUh+76NJKWgjR9mkk8ZpfhfZry6blqed3fLFRH1qG985z6FWdaqd3EvEOmzQadb0n2U96vKaidZxHnOrYT1rW+uvVMQutrGPjexkK3vZzG62s58N7WhLe9rUrra1r43tbGt729zutre/De5wi3vc5C63uc+N7nSre91NKAAAOw==">
      </div>
      <div> :size="7" <img class="border rounded-lg" src="data:image/gif;base64,R0lGODlh+wD7AIAAAP///wAAACwAAAAA+wD7AAAC/4SPqcvtD6OctNqLs968+w+G4kiW5omm6sq27gvH8kzX9o3n+s73/g8MCofEovGITCqXzKbzCY1Kp9Sq9YrNarfcrvcLDovH5LL5jE6r1+y2+w2P5wL0uv2Oz+v3dkke9KcQCMHXJ1iImIhIo9joaEiIByh5eOeXuPCoqci46bl3afkxiEDqwFn5qVrXueoaCtlhajDLgJrgmtua+wnLOkqJG/xwW8qrunus6Us3KSr8TIyZqvyYXN3IHOAce1CbOQ2N7Xi9bVJb7O0JzsveTTs88s0y74Eebrzp/krd3G9eop4KgRzuLfqXDl67f/v8BYz3guAGg4UaZkO4jqHGh//RYEjUQJGPxYQAlFk8eQ6ii48ZQoLCeFAcP5kO870LwZLjTW6/aOoZiU/dQp8odfaM4fIi0Qi9MOT0mRRoTJtHPapsujSSPqcqtUWFWXEj0qsZs0rbeuEp1ZdmhS4Ta7WjwrdtG2C1oNatSLhzrfFdSRbtWoBn6eLtyjRo35p6yf1tkZTkx7sV8i7++Zfy5XJSw9a1Vfaw3AmSAxtuTDjuTc0lTe/9PG41YtihUXMG+3pw56qbca8qWph3a8G2Z0RWPFz21OJQjwE/5drxZ8jRler2nbp386HXtSo/rX3saNbHx1c3+Thz7fCqhZM/X3337/S0ibOPCH/5/eS5mQ//Rj+devbxxxh+5g1oGYHZKdhSfjsJCB6DxjnY337aPEdBeQ/WF2GCwBzY4WzBFShhWhSSiKGCpY1GHYh+BeideyJC5yJbIy74Hov0nIgZjDemeCF2QW7nWXfiffeikZXFx1WNPf6I3VcyaFhhiaIhiWJiTk7Go5RHCscTiV7SiOWTSzp5gof2zDgRkz76h1qCY4qgpixsguSmknbx2CCaKem4Qp1QcggmhFUOqSdOd/65oZ1+vrkfSYjCSeeiRmW55qOJpiiplmWmaSkJgpIpo6akioncpBZ+2GgKsSVJqZWxzilrpK9a196tVdLKa56z6prqjsAW+aupthpbq4rD/7aKwrLEHvupoagi6+yhwlbrK7SlRkvotNgCOtC32SbbK7Vd3lrOt5yOWy63/2ErB55bBhsjpvEeQaWNZzJ77xD5mplhqP368K+cAg/MQ8EHr4owEQqDe+qCDRfxML9AkqGrfMhEeWe7237sbaFTossxguuBZm7K7t6QcckhDriuyiDjuDCor2qcY4Qxr6xtyPbmWg3OJ7O288xF+yzxhDe7DOtlnXZLs8xI79AykTO9qx/KPJPLbs2MGs0q2CZCHLC4FtMXLrJ9bq2qvGb/vCfZNrPdJN31Jj3223gP+uXUYfudt8hXvr224K6OWzjgg8NNmt6MXxwo4nWLvfje+/8SPvnjl0Z99t2Q812Q45bH3bk8zgmJutXYHM254VIAiHWZFV9drN1UwB4nn0zPB/XnU+DutO6qBy1t65o7Abyy8y4fG+u+v3768BoLzV3tlGuR/IrPKt988c9jwWXWszNO9O649jx6DeFvP3765Q+f8/U9rL/ruXK/Hzvt6AtBv77oP50//2ltHM4LQv8AxjWYmc8r0UvUqJrVMeS0j4FZo97LbMeyCIrPfvzCX+6qtz8dZE+CJFxa774mQKo18IOy42DTEli6y6VQhCsMHvNmNkK1/Q2BKgQh93DoQuk40GuestYcavhDpLVPe/JTVAVp6EMmCrBqQ5Rb4ngIRV3/pC6AxiPeCTf3wLkB8YmBm2LNDuix423qWmPc3hVp1bbpeS9z6UNhFwEoQwQa7H4lxCDpXCdGJdKrcnAsIvn62MQ4slGQZCSk5DxnSD0+EnQGamEj81hISN4tjXVE2+FuOMMyStKKnrTh1vYYQye6cYGldBsBt2i9UOIAj6asHylFmUP2Ce8HtEziKFPZOBNykXVhtCMaEalGTCJRinckYuQuWUsz3tKRUURmM6cJtGNuEJtl6570ildMMGrwgoB84zKtKUd8oTOS4dzkLmOJRUipb53u5KYrpalLULrPmWnLZwcHabpt+rONgGxnQAd6SGiq0pYIveY/7dmihlIQ/5jm1Ccxx1lOpUmUnfxUpkXBidFkVpKhBQVopQRKUkY+lKIafWEmb0TFgxJUpAkb2iQjFtOTWpKlRzSZDuvpTVG9cwnxU5xHgypTlWYUCEXtYkWRqtOZdpKpNv0pTEm2uXQ2oanfs6D+FqpUmka0pBDlqELbJjqnttKOisyUzujo1dXNcWR8LCtQjVi5uHqxijwNXV37ilOTBnOnyyogXVe6VGquUpR6zWUiF7lPu171rJFs7Dmt+knEitWsi82r+Rxr1JGG1aF4TeovS/tHWcaqh4QdrUED+1FchnSqfSOtazvazZTGc7KapS3QtMpC1IL1tKpN7W5Xm0Wp6hUwKP8t7gCd+9rhAjeax40qPoU73ef6VrS27W50tfuvp5IVsBDUJzOZidbZarO3rJXqeelJyWRld75rhaxlzXvTEN41oZ1F7mHda030VraVvSwwbsPk3QDDN2LfM7BCvwvXzwZRrZpc4zf3G1nyIvi+rSVuhh97Yd6ON7GZHfF15Rri4J4YWMttKX91C1oPv1eYKq5uID+84hhPUMI+fesze7tEBeN3yFqE34EjjGEOw3jCShZijSFcYdh2uKk7NnI1FfhjE8v4sg2dMVR9CWV1NpfCIl6xeHmXBgHLk6t0TF4Z1GxhLr5Uyl9984IZJuf8gheJdh5zg6sKzJyaAc7+zTP/Zo3rZozdWb6slGeTbWxMeDVasUv286QJJroWy3bMhKZumP2qN01TOseL9qAN0irqo1Z6o1bWcKSrlercOtnTXcPyLDN9aVmfD8y19vGtHRfrwboU0ACWbIk3G2XjprfHII5vW/tJYl0/G56dZnSyhY1sUEcb2zjudrDnrGwk1/bG0/5fqc+IbmPfc7vcLjcMh31o7V7xNlkd8LXZ7Oj65luo6pa3veOL7zgzWNy/zfW7Z81rIhebnKFl7pR7DW+G71rQ4Ca3wats6IcrHOEVZ+vFmfxxZqOYr9ve4bdB3uqFq5zjevZ4yhtOZSF3mcvNPnaCpTZxYrOcxvodd8g7/2xYz6Y43C+HdL2LflGczxuWRM84do/udJif257h/feTBevyqJO5xkHPI32hZmqLIx2kSic4dZddZJ+PHewQp2nV781n+/5cuXMV+jCtTmvK8lvjpzzZmY1e9ET/97Y47+VEnx74uA/+5n23taqd++iwj5Xwjff14wGvdcGrXetJ76+uDc/jtGdw41vPu4YlH/o6u5jxTUQ9hlGJuZ66muye3zPVsUrybFuX3Wh/4eHdjnt4tlf3Tb/67fWe+anP3lHLz/2uf89uirdc7lA3fqCxnnoz6xvaxPf32kcd/eD3fPTNpzb2h87tGHcVsuqifeydL+jhi6vz7zc/z2sKbG33m43+I8d0/tn+f/AnfvgXavo3fwaoeeRXf+YWgPb3ZfLXfgBYgBL4ShNjgReIgRmogRvIgR3ogR8IgiEogiNIgiVogieIgimogivIgi3ogi8IgzEogzNIgzVogzeIgzmogzvIgz3ogz/ogQUAADs="></div>
    </div>
  </section>
  <section class="space-y-2">
    <h2 class="text-3xl font-bold">Margin</h2>
    <div class="flex gap-4">
      <div>
        <div>:margin="12"</div><img class="border rounded-lg" src="data:image/gif;base64,R0lGODlhxgDGAIAAAP///wAAACwAAAAAxgDGAAAC/4SPqcvtD6OctNqLs968+w+G4kiW5omm6sq27gvH8kzX9o3n+s73/g8MCofEovGIdAWWzKbzCY0+IdNNFXFtSJmKrfcr5YDHZKpTfE5kGd8u+b1Fw+dpx/pyv7vjarp/Kfc3Z9YUCNhX+NCGKAhn2DhGyGVVd6DHGLUHWUa5yWlXiZEXurCI5fmZcakxynf6pukXGzArsjpxK0pqaumISVf7a0tqkYu36zXLawAZ/DoJYix5GI3s2gv7OyjMXZ3IStwJjR2mnWye/UxNvu4hrRgO/s0OpXyuDtxNPzyv2w+wDd80MMXiabm3D105geLaAfTFEFQ6XAbZIGRmLRXGf/8F/wVMKFFjhHf4Wo3bKJLkQY8QQa4UObDjQpcoI+nzd/LhxJq04O0cWbHURZ05P/J8ZO/aUZ8wmTocaNKhUaJPK0QleJNqvayoiga9ukwrUoWZuA4F28jZS6ktl8rz+hMty7mo1FqkazOiqox5aWq9mvSPXaF4serFyTYu362H/6bNOniqyrtwUy4GTDZf48htxTbsWfJsUM4cnYKmZ0zuTLd7C4ed7Hmz6cBVG0sePTszZgq7Kbr+ell0ad7Blcb2Xbn22tM8UxdffRwxc8fGYfeWoFo56+bCc8pMbHn48sExM5cPXR13SO3HCpM3a/y837Fv2X+ffp1wcsbIwdv/t6reeCHk59xv4lHm33T0tebdZ6Q1aNtQ8m3XAWzv1YffYhNSB6GAsmG4oDsaQgYfdBtamBuGXZUVoXslJvjgiiYCKGN6Lra4X4wZ1jgjcTyy6BeBI+KY4I8dYmckfxQKeWOQz/H4SJI75vjilDBWKWWUSerIZZU6ZpmEiAb26GGYZmanJFAHmikEmtYFyCYPbsIZXZxGzLnmhXYGgeeR+v3ng4y0aYaahF4eSqSCnzWjW2dTdZkopB8I2qhiP0m65JDzLfoYeoJV6ieTVEY64IqD3nYpok42SaGWgpzqaGeY1ikqoP1ZqaiPo97q6o/3hVjnrySul+utYOpqK4K4/wL7Zp6mHcurg8NG+2GZ0kGLpLPE6pntrt0m+6eUxSrLLJ2zbngftmr6CVWsNkKnbq3j1sCop0U+ucmsKLJQb6Fj3tuVvua20C93/+JKKanV2lAwhwDvl/Cq3u7Q8GvdQalqqz8UCC++HPelbMWakvBxmn2y9yioINM6MLLzWnxwyWHBaunE/IR6McKG2psmzeHZXOqaMEO8s79kGvypwiXIPLLDPav8sqkZV9ip0Q9fTWim2hrbMtc1A4k01qgCrWLX32bt9KA+r5xfr+Cm627H73pyLqdbXxs32GlDPfSV3hxN9avmDc7z2H5PWrSYRMdHo9zsThv2spCHW26qLv+3neJy8goLItRuS+5yu6wGm7l0a88rOtnWhrt5429jmfi6ejeL89ygU8ug2GbvvTDlzzZN++s8pz777qf3bTK+KMzs+eRwCz487He3B7jhqLueL+ES630z9833/nzSVt8e+fKxW9999tEnuq/Xtf8svOZVly/9438XL3Tsn6tdP8rG/z46/pkAefIqmflsR7zrle1gXwLO9MJ3uJD9j1hoamD+Hog9zK1vaTkroAPtl7vkXRBw+9Oe1qo3QffhT3USDFjQFgdCkuWNfLKrUfoEGAP0OY9vspLWBmGgQ/Dx0HIhxCEQZ8gt1kntfjrDIBORl8Tj9bBzPxyBAV+4Ms7/jS9iJ4yfxoR4Of2VzmlcZJkTNwVGFT4tdEMUXxcVuLooZlCM22qjLKamRXJh0TBFtCPaNIg7PT6RjqsTF/B2V8HvcdB2wVsjGhHHQEXKkJF0Yl4aTWdCMqawhTAElyUfqTisne6AjvMeBT/oxRoaUZNnPFsiwzjCVJ6og4TEWyRh+T5ZjlFkX4taADO5SjmysXC0ROAuUelI+tWRiVKMWdPqVsVg7nCYWyxmKX3JQt7JL5ZwPFszOynCXNJQmtGcZiBZeU0oHpObTOPmDQEITuudrIl1kST1/EdJ6I1vlH4kYC19d0pn9nKe32TbFM+5yjL6M5/1JGYrSVdFhVpz/4UYc2gMAbrNeM6QoP2caDL5lLMkBlGNKSOCOns3UlfO7wgnBSU6I1jDht0ppJNLaUxXOlNjohSJc9QnElr6xWr+MqBuvKe4+IlLivLxjZ8M5VHtmUCOsu+fELQhVOGpVKC+tJtGjddBOZlVmlpUl0StqFAvKk+xnpWsGTVr5Bq50GsidZEXRVdNPXbI6TUSWHy9q0Antlfs9ZWKcexfOGFq12X2kZljtKBczRlUQS4WkuKcZS+F6VLMStapid3eUs2I1koiEq+jSytDw+pT0KZSqp6NK2rTuVJAetOerH0raTV6Wchi1Lal3ahH56nV9jFVrbzFrXF1l9tL7narjv99rXMPqz7PVg5+9IRpYMs5VSLOdqw0DK5ob1lInAqWtsrD4zpR+FdTntOm3tVreRVbXPVud63dJS5Ew8u47DaFmvGtr04za1jLFjWPzDWscAucVKsylrvN/WhUv2tIrgrYoOmV8FXLqmDKIhewX71pftuaYc6St8Kfg+uW9jjX4X5YpStWopHeuWD6VrWq7N3kfTHJ4J6G1oVKE3GM+ztjHd+xx4Gr63mziFWuSnSok/WxjIWs5CVKF8VUznGCacxT5T6Yx62NsHVPPEAv+1fMvX3xCcjcYK9WuKQafqp+DZlm8Q7SzG92c5e5PMkIx5nOd27onv4M6EALetCELrQdoQ+N6EQretGMbrSjHw3pSEt60pSutKUvjekMFAAAOw==">
      </div>
      <div>
        <div>:margin="18"</div><img class="border rounded-lg" src="data:image/gif;base64,R0lGODlh0gDSAIAAAP///wAAACwAAAAA0gDSAAAC/4SPqcvtD6OctNqLs968+w+G4kiW5omm6sq27gvH8kzX9o3n+s73/g8MCofEovGITCqXzKbzCY1Kp9Sq9YrNanuBrvcLDovHYUh5c0akG2Svog2Pk1Hyut0M5qwN+0X8bRfYRidY2Af4pZeXcMgIh2gYSRgp+dBI0Xd58OdIaTjpKYiXiLaoZsr22BkaCMpaN+pWSnpKmzq4+irnGiCSqVp7l/s5DNnli0qiifGLGww7XGjcWxyy3HFt0TwXDbwZOh1unTySXbE9Ns35TMwuDmKuET+BLqbuzQde7T5uq0yuyB+Add9adTPIL+GHeczISdt3SxgmgJbwDXQoCuI/gf8PFTLoSI+iA4L5OGb0WA4jwoKyRp4MKTBWOo0XV5ZsWaIeyZo4P76UwJDnTJQgbx47odPitaIRgu5M6ozlURNQuaG8FxWoyIhDpVJj93Srh6pdjX71Wg8rpXdcz5oNG7NfT6G7aMKdq8tkXKI/6fJSW9bvQbwq87L1qVei17+DA5N1Kxisvqt2+wbVVhga36yR0U5eXDGxZtBUM9fdbJW0Z0+H/Zi+OzXna6ViXYuGLBPyztZML5+bzdmpacy3lwJPbZax5OC1eTevzNm5zc4bCU8Xfpu4deS2t49OjvS44+eoY2stXvtx2vDome9t2zo3YNzQFYMv/b5hdprSucv/5z/LXMjkd8F6lJVnz2/7wUNeBr65tKBqiHmX4EQRjtWgfgIGaB51HvYX2H8HOphhgSWKKOGH9YUYGoUDbsgggdp1aCB8jdEHoYtydfhiXrRd6GGN96Xo43cpFfmjjgiCqJt4SOK40JPuKUnkcCs2KSWLMWYpZJBWLnkllzzuKCaNX1YJZJdlPgjTmmameeaQcnrp5phbNOUkdjDe+YN6JbLJZwx+yghgoD4MuueEdhrKA6KLKgolozo4Gml3jzaB5Hy99cVkp1e6kOmNm07nKZimrhDqcmuJml6cdFI5Jy+saGoZp5/eeqoKqa62qqpaognrq28meqRhrF5na67C/2IZrHIpzsjspfEpWCe0zsZK7bDSFtqmm9ay12y20VY6rYXVinutiuZqSy635527brvyuPrtiJAGBG+38pIIZL3Ptrhtjt6iC24lvo5L6ajBAlrDrDfORytruP5LhMMHQ3xsr8Cyy4TFvLKbcK1wEnroZ285GbHGc3ZphMcnt0fhrivTu4RxU4JsUcqXyrwsDTZzR2luu2VsJMst/DwezL++7B/Rp228b3U7J4lzdE4LbXLPMyBdIdRDH8y1y1rLELarTOlcKc9G46cyXY+hDdu4PXYNg9hxh3yz3GQyjK/BHyOcp8jhzms1C3ZTTbfbWa/Nb9OGL4443kDTTLjjqP9CnrfkSQ/e+NIpBM1h4npOnXe5NrJdteXvbh4wxX+Xqm+6Z4vL+L0Ai0756bIpnTi0tVuaNuKm24464IXr+/vwio9MrPJ9G686nqUTLDDu/d4ua6vIkow85pPz7nPOV7troo8YI8h36GVPv6Uu53t94t7a26du56+8P/PxuooPdu4auv+wMMWvfb0bn73KZ6yLCZB7+2NfW9JXvbctkFgQtN/vvhalzJmNf65r4PcoyEEMaZB5nqvg/6wHQv1hI3IbVKEJEci64KnweRJE3/xaJzUUki56NETZBHeIw88JjmO0K9Lc8LcDhRExXjx7HhInNUS9MdGIZHpiDpQoxe7/ma+KASzZ9jgHqSaGzoo4wKLznDa7yqUuiEfEnvxm6Mb+bVFZbaze3DC4OuhJCXY5RJEI6ecvpu1xYn2MYwYBSb2/qc1/KyTQC9MYOzR6b4m7S2HzighHO0pSYnTkogLleEk16rCAEbxh1Iq1Rj2S8pAxHN0qsfU48Bmwkq38Uwjr58FUoi17spyiIwfISlXusmCjdCXXwtdLRQIzjzXUoiXZ6ElljvCDQMxiGE15zKMFbpox9CMul/fMV36zjtKk5tNgCTWs/dKFy4ShKu8mPEOiU5AyjN4LvXm4L1ZTeXgE5z61yTt4OpB4HfRnPUvYzkACT3PF3GbMqAhKaMZL/50P5eTrZknPfCKSgBRNJRZBF9F2lFOikSxlQKMI0pGKNKMJledCHVo0FnLzfhhF5UEbalF6DjOkH71lx+J5QDNism1SiBs/o+i7rBUVqAUVqi+JGgWjks+pzvQbFaQaVKQO1apTwGpTtfpUrt5RTDutKk7NWda61cmjttTnOZfVT15mKa3Sox9VWcpAm5aJrh09azdrCqq1vrOtdgWrSpGZL7yG8rA1Tala8+rNo56UhKd0Zbqc6FImeXWewFMoOf/4T02GlI91DeI9yefZqcLUmuNErWtF+dnOuvSurT3gGWEbTYLq1qBqIqxpWypaxtpwpo7lrWE5i9nR/tCvzP9laG8hm0jFUlK6g51sRduWvDE2drV07WlOx0bL6i4MpTI1p0ana9Pucne7bj0va2NL283WFn7rvK6R4Htcg5IWn7dkqOzyK1/LdlF31D3tcNE64PwtVsEIta7nkitc+o43r83crdjw61YkZvfAoVWpgSX8V+WKMq6bhGrx1OvgU/L1dnsFqH1HueKwihNuSiUmil/MMEhek0uBTbFmfcpiIPO0xidmL47bqeOX8tjFJLVwsh7oW5p2ssgcBWyQKQzRdDJZxbN98o4XbNwMvzaYGN4olLE8Ry3HEsz8JdWVwbzI61GZzFY2KZyzzGAuj5isy20xh6UsKMH+eK2DTmBToAndZz7/+cJb9jOI11RoAJJN0Ile8qKJfDlEX9rSj2a0pD4N6lCLetSkLrWpT43qVKt61axutatfDetYy3rWtK61rW+N61zrete87rWvfz2FAgAAOw==">
      </div>
      <div>
        <div>:margin="24" (default)</div><img class="border rounded-lg" src="data:image/gif;base64,R0lGODlh3gDeAIAAAP///wAAACwAAAAA3gDeAAAC/4SPqcvtD6OctNqLs968+w+G4kiW5omm6sq27gvH8kzX9o3n+s73/g8MCofEovGITCqXzKbzCY1Kp9Sq9YrNarfcrvcLDovH5LL5jE6rz4G2+w2Py+dxSH1zR+QbdLeiDxhIRyNYaGgHx7FnsLgQ+GcY2UcoWdkI+aaYmHDJCYhpGUoZKvrQSdF4evDoSWo56iqJmIm3qWfL99kaGwnLWzjrV0t7S5w7ufsr6BsgkqpbfJj8Og3a5owLo4rxjBwNPF1p3Vwdsp1ybtE9GA69Gjseb579kl6xPjfO+k3NLw9iz0TACfjk6HPHCF45f/OMaaOnySGAfe96tbPIMOOHgf8kClJMKPGgN4IQTSGcSE/cwhgeT55Tiaqkg48oJcKsKExGy5Egcx6TFjOkSZ41ffYEp/GhTVkrGdyUwLFovqZSl1F1sZNdUkdMgxqNQDPr1K1YU3bFeW0oUJJCZ7o0ixEtOZ1w1x6dK7egSFL/fqblF1bmCrEGqQZequyv3GCK7x7+Whax3ap7G1O+yPeq4bN3mVUuvPWx5cRfX9ZFungGYb2YR5/+1dfpa9F4lZbmfBnw689Pc/utXZW259agU3t13fb3Z8bAe0fFJhl153u7qUcvLvu6cNWz3ybPfvs7V+2Cp+sm+rxh+MlRWR9vfjJ2cO+QW6yu/l4+8+VqkbP/L49Od+gBKF97AtYXGm7pAUSgdev5Z1mB8fUHn3jqNCgQhmw9WCGCxuWloXkferDgRiGChd+I43Fo4HXQeahCieBB2GGEmxG1n2YayNgBjxK6SCF/+emYgY/DwHiBeyr+qNWGNL5oIwukSeebiFZWiaWSjk1p5I5c0vfkjRwySeOXJ0JpZopXapmlmvOlCVxkcLrJZp10ztllkXjeCWSCfaq455nqBUpmjYYWWiieazhY5oRuWbjoDfdBSlakPEyKpH6W7oBplMptCkSncQYJ6g+iXkhpFVzypiBuiIoZZqV0kcZqXFviCOuhuWo6a2K1/mfrirECymem9k35K5W9/73q55hE2qZMslad1+SMujY77JXM8CItbTQxS+yf2nInbpJu5uhloJ5aO5ysTl77bkTqompshuXSmy2KqVqrKKOjSnmuv7x+mu68ApPrbMH5oqunuv8SzFLAQ7rL7pGEHtxrKdQ2Sh6tuz7bBLfECQmix9jCS4XIGxsqqnPFrhuyQiuTfKuvH1Mcsys0v8kisjcvGYXKJffcsc0nD5wygNutbFqw3YKJMqdKQy0tc98S5/K9OTRdbZtOYz21yeHWG7F4Sw891m9XM92q1jhwnfaaroJtts9Hmxp216dSuDba/YwNs5wa+73zqj+T6KikMhM+Mt3AJmwirm8vXjPHRP9ndjeDkiuuc+MzO66sxA13rYPQlbN84OBy76sv6VtTzrPlsv+9OtlQJW7D3gpjhyXD/L78cMUZo7757QOyDjfvbPpeT+q846v8icnbibygml8et7nH296754AHLyz4KOg+evYtInn2uI9yj2bVFkdffd3bL0zq8NNTPShs3teefem4xw4/9vENdukDYKj+lzUBri9a+/Oa6yZXPAAu732mM2Cu8tQRBLZNgWojIP4+54O+nW6Cu6tgAUUotfmBD4XyMt8HGbdA8SHMhfJ7YOT09sLTMc9/KrSa9d5FmETlLXAzDCDMWEhB5wmxhkS0n+h0eAJvAS95B+zhAFkHvSD/XnCIMoTg4+gXQ8Ndb3ZMSCAYOyg2xBWtiT0wY9R8mMYeKXEJbkRa+MR4QzLScYNn/F0cW0g8DuaOj2+8otHyGEg2QmuFP/SjDY2HvS+Ba5E7TGIEmeewfGFQe+hr5B3/h8lMTrJ5TOwiEEFZP7/hkX+mzGAp0YTEGD6tc5krWyexaMj+YUyVdvteu2DIS1y+R4vD5GIVI+k+e+Hwkg204y+hyDZhnnKNrbSgLPFGzWSWQIrxe2T3vKjHaAqydTT05s6cWcTCzW2MRnxeLhkpzRg5j5vLvCXkHHlEDcZzBC2b5xMdmM8IonCTgJxlJEnoy3fC0Z6KDBA16VnOgN7z/5OlpOLrHgq1Ao7ynM0EmeASOa1gTnSjHQUhxAZZUX8GC6LtXKUEPVlQhYIupNAU6exMuM7BcLGfKiTfCD34NYClFKMrzahR47isYw31oIT06UtpadNqtk+m4gxdT496yJ/us4w5/GZU0VlVmn7hhDvt6kJVN9au3s+KxYQqGMi61IhW06VegCtDxXo+BorBrhK1KvfoqlSDhTWLWJWrNi8lypkS9qps/So2BevYttbTrzeFaRQTO1h/sZR6k+EhZLX616aqNaco/exTQ1vU1DJ1q5dlLc4smtlaQrKhBN2lGu8aStX2MXzQe6YcX5lK0GpSesR1bfmkGlzeJreOHv9tLs7GZ9nXGlOxhyPnXKN73Klec7uRTejE4pVO6p5ssypd7RcLKVTzDle3eBWtWwGKXHYeFr7kJap62+s2ndp3veet7335Gl9EztepbvQvZdGr3/sucbL47S9QRxrYypYLwL0t6feSml4JT5TCtrXmSU+rywyDlLOGde6FpxvW2n5XuFHj8Io9LLyoqhi8sT3xhIuLzOXC7qMDnqNsrcvR8ZLWoQreIjPDiMoU7zi8NWZlLNFozplW0LfMbTInqXRWSV60yEI+MpRD/GUtg3PEU0xymPO6J89qmL9Y1qyZWTxlJgtYvNNEbVbhq+YAx5jFi7WzXr3LuXEuGMz4vC6PUv/J4/zNN8t9RitCKaloOs/WnUh+76NJKWgjR9mkk8ZpfhfZry6blqed3fLFRH1qG985z6FWdaqd3EvEOmzQadb0n2U96vKaidZxHnOrYT1rW+uvVMQutrGPjexkK3vZzG62s58N7WhLe9rUrra1r43tbGt729zutre/De5wi3vc5C63uc+N7nSre91NKAAAOw==">
      </div>
    </div>
  </section>
  <section class="space-y-2">
    <h2 class="text-3xl font-bold">Foreground</h2>
    <div class="flex gap-4">
      <div>
        <div>:foreground="[99, 102, 241]"</div><img class="border rounded-lg" src="data:image/gif;base64,R0lGODlh3gDeAIAAAP///2Nm8SwAAAAA3gDeAAAC/4SPqcvtD6OctNqLs968+w+G4kiW5omm6sq27gvH8kzX9o3n+s73/g8MCofEovGITCqXzKbzCY1Kp9Sq9YrNarfcrvcLDovH5LL5jE6rz4G2+w2Py+dxSH1zR+QbdLeiDxhIRyNYaGgHx7FnsLgQ+GcY2UcoWdkI+aaYmHDJCYhpGUoZKvrQSdF4evDoSWo56iqJmIm3qWfL99kaGwnLWzjrV0t7S5w7ufsr6BsgkqpbfJj8Og3a5owLo4rxjBwNPF1p3Vwdsp1ybtE9GA69Gjseb579kl6xPjfO+k3NLw9iz0TACfjk6HPHCF45f/OMaaOnySGAfe96tbPIMOOHgf8kClJMKPGgN4IQTSGcSE/cwhgeT55Tiaqkg48oJcKsKExGy5Egcx6TFjOkSZ41ffYEp/GhTVkrGdyUwLFovqZSl1F1sZNdUkdMgxqNQDPr1K1YU3bFeW0oUJJCZ7o0ixEtOZ1w1x6dK7egSFL/fqblF1bmCrEGqQZequyv3GCK7x7+Whax3ap7G1O+yPeq4bN3mVUuvPWx5cRfX9ZFungGYb2YR5/+1dfpa9F4lZbmfBnw689Pc/utXZW259agU3t13fb3Z8bAe0fFJhl153u7qUcvLvu6cNWz3ybPfvs7V+2Cp+sm+rxh+MlRWR9vfjJ2cO+QW6yu/l4+8+VqkbP/L49Od+gBKF97AtYXGm7pAUSgdev5Z1mB8fUHn3jqNCgQhmw9WCGCxuWloXkferDgRiGChd+I43Fo4HXQeahCieBB2GGEmxG1n2YayNgBjxK6SCF/+emYgY/DwHiBeyr+qNWGNL5oIwukSeebiFZWiaWSjk1p5I5c0vfkjRwySeOXJ0JpZopXapmlmvOlCVxkcLrJZp10ztllkXjeCWSCfaq455nqBUpmjYYWWiieazhY5oRuWbjoDfdBSlakPEyKpH6W7oBplMptCkSncQYJ6g+iXkhpFVzypiBuiIoZZqV0kcZqXFviCOuhuWo6a2K1/mfrirECymem9k35K5W9/73q55hE2qZMslad1+SMujY77JXM8CItbTQxS+yf2nInbpJu5uhloJ5aO5ysTl77bkTqompshuXSmy2KqVqrKKOjSnmuv7x+mu68ApPrbMH5oqunuv8SzFLAQ7rL7pGEHtxrKdQ2Sh6tuz7bBLfECQmix9jCS4XIGxsqqnPFrhuyQiuTfKuvH1Mcsys0v8kisjcvGYXKJffcsc0nD5wygNutbFqw3YKJMqdKQy0tc98S5/K9OTRdbZtOYz21yeHWG7F4Sw891m9XM92q1jhwnfaaroJtts9Hmxp216dSuDba/YwNs5wa+73zqj+T6KikMhM+Mt3AJmwirm8vXjPHRP9ndjeDkiuuc+MzO66sxA13rYPQlbN84OBy76sv6VtTzrPlsv+9OtlQJW7D3gpjhyXD/L78cMUZo7757QOyDjfvbPpeT+q846v8icnbibygml8et7nH296754AHLyz4KOg+evYtInn2uI9yj2bVFkdffd3bL0zq8NNTPShs3teefem4xw4/9vENdukDYKj+lzUBri9a+/Oa6yZXPAAu732mM2Cu8tQRBLZNgWojIP4+54O+nW6Cu6tgAUUotfmBD4XyMt8HGbdA8SHMhfJ7YOT09sLTMc9/KrSa9d5FmETlLXAzDCDMWEhB5wmxhkS0n+h0eAJvAS95B+zhAFkHvSD/XnCIMoTg4+gXQ8Ndb3ZMSCAYOyg2xBWtiT0wY9R8mMYeKXEJbkRa+MR4QzLScYNn/F0cW0g8DuaOj2+8otHyGEg2QmuFP/SjDY2HvS+Ba5E7TGIEmeewfGFQe+hr5B3/h8lMTrJ5TOwiEEFZP7/hkX+mzGAp0YTEGD6tc5krWyexaMj+YUyVdvteu2DIS1y+R4vD5GIVI+k+e+Hwkg204y+hyDZhnnKNrbSgLPFGzWSWQIrxe2T3vKjHaAqydTT05s6cWcTCzW2MRnxeLhkpzRg5j5vLvCXkHHlEDcZzBC2b5xMdmM8IonCTgJxlJEnoy3fC0Z6KDBA16VnOgN7z/5OlpOLrHgq1Ao7ynM0EmeASOa1gTnSjHQUhxAZZUX8GC6LtXKUEPVlQhYIupNAU6exMuM7BcLGfKiTfCD34NYClFKMrzahR47isYw31oIT06UtpadNqtk+m4gxdT496yJ/us4w5/GZU0VlVmn7hhDvt6kJVN9au3s+KxYQqGMi61IhW06VegCtDxXo+BorBrhK1KvfoqlSDhTWLWJWrNi8lypkS9qps/So2BevYttbTrzeFaRQTO1h/sZR6k+EhZLX616aqNaco/exTQ1vU1DJ1q5dlLc4smtlaQrKhBN2lGu8aStX2MXzQe6YcX5lK0GpSesR1bfmkGlzeJreOHv9tLs7GZ9nXGlOxhyPnXKN73Klec7uRTejE4pVO6p5ssypd7RcLKVTzDle3eBWtWwGKXHYeFr7kJap62+s2ndp3veet7335Gl9EztepbvQvZdGr3/sucbL47S9QRxrYypYLwL0t6feSml4JT5TCtrXmSU+rywyDlLOGde6FpxvW2n5XuFHj8Io9LLyoqhi8sT3xhIuLzOXC7qMDnqNsrcvR8ZLWoQreIjPDiMoU7zi8NWZlLNFozplW0LfMbTInqXRWSV60yEI+MpRD/GUtg3PEU0xymPO6J89qmL9Y1qyZWTxlJgtYvNNEbVbhq+YAx5jFi7WzXr3LuXEuGMz4vC6PUv/J4/zNN8t9RitCKaloOs/WnUh+76NJKWgjR9mkk8ZpfhfZry6blqed3fLFRH1qG985z6FWdaqd3EvEOmzQadb0n2U96vKaidZxHnOrYT1rW+uvVMQutrGPjexkK3vZzG62s58N7WhLe9rUrra1r43tbGt729zutre/De5wi3vc5C63uc+N7nSre91NKAAAOw==">
      </div>
    </div>
  </section>
  <section class="space-y-2">
    <h2 class="text-3xl font-bold">Background</h2>
    <div class="flex gap-4">
      <div>
        <div>:background="[99, 102, 241]"</div><img class="border rounded-lg" src="data:image/gif;base64,R0lGODlh3gDeAIAAAGNm8QAAACwAAAAA3gDeAAAC/4SPqcvtD6OctNqLs968+w+G4kiW5omm6sq27gvH8kzX9o3n+s73/g8MCofEovGITCqXzKbzCY1Kp9Sq9YrNarfcrvcLDovH5LL5jE6rz4G2+w2Py+dxSH1zR+QbdLeiDxhIRyNYaGgHx7FnsLgQ+GcY2UcoWdkI+aaYmHDJCYhpGUoZKvrQSdF4evDoSWo56iqJmIm3qWfL99kaGwnLWzjrV0t7S5w7ufsr6BsgkqpbfJj8Og3a5owLo4rxjBwNPF1p3Vwdsp1ybtE9GA69Gjseb579kl6xPjfO+k3NLw9iz0TACfjk6HPHCF45f/OMaaOnySGAfe96tbPIMOOHgf8kClJMKPGgN4IQTSGcSE/cwhgeT55Tiaqkg48oJcKsKExGy5Egcx6TFjOkSZ41ffYEp/GhTVkrGdyUwLFovqZSl1F1sZNdUkdMgxqNQDPr1K1YU3bFeW0oUJJCZ7o0ixEtOZ1w1x6dK7egSFL/fqblF1bmCrEGqQZequyv3GCK7x7+Whax3ap7G1O+yPeq4bN3mVUuvPWx5cRfX9ZFungGYb2YR5/+1dfpa9F4lZbmfBnw689Pc/utXZW259agU3t13fb3Z8bAe0fFJhl153u7qUcvLvu6cNWz3ybPfvs7V+2Cp+sm+rxh+MlRWR9vfjJ2cO+QW6yu/l4+8+VqkbP/L49Od+gBKF97AtYXGm7pAUSgdev5Z1mB8fUHn3jqNCgQhmw9WCGCxuWloXkferDgRiGChd+I43Fo4HXQeahCieBB2GGEmxG1n2YayNgBjxK6SCF/+emYgY/DwHiBeyr+qNWGNL5oIwukSeebiFZWiaWSjk1p5I5c0vfkjRwySeOXJ0JpZopXapmlmvOlCVxkcLrJZp10ztllkXjeCWSCfaq455nqBUpmjYYWWiieazhY5oRuWbjoDfdBSlakPEyKpH6W7oBplMptCkSncQYJ6g+iXkhpFVzypiBuiIoZZqV0kcZqXFviCOuhuWo6a2K1/mfrirECymem9k35K5W9/73q55hE2qZMslad1+SMujY77JXM8CItbTQxS+yf2nInbpJu5uhloJ5aO5ysTl77bkTqompshuXSmy2KqVqrKKOjSnmuv7x+mu68ApPrbMH5oqunuv8SzFLAQ7rL7pGEHtxrKdQ2Sh6tuz7bBLfECQmix9jCS4XIGxsqqnPFrhuyQiuTfKuvH1Mcsys0v8kisjcvGYXKJffcsc0nD5wygNutbFqw3YKJMqdKQy0tc98S5/K9OTRdbZtOYz21yeHWG7F4Sw891m9XM92q1jhwnfaaroJtts9Hmxp216dSuDba/YwNs5wa+73zqj+T6KikMhM+Mt3AJmwirm8vXjPHRP9ndjeDkiuuc+MzO66sxA13rYPQlbN84OBy76sv6VtTzrPlsv+9OtlQJW7D3gpjhyXD/L78cMUZo7757QOyDjfvbPpeT+q846v8icnbibygml8et7nH296754AHLyz4KOg+evYtInn2uI9yj2bVFkdffd3bL0zq8NNTPShs3teefem4xw4/9vENdukDYKj+lzUBri9a+/Oa6yZXPAAu732mM2Cu8tQRBLZNgWojIP4+54O+nW6Cu6tgAUUotfmBD4XyMt8HGbdA8SHMhfJ7YOT09sLTMc9/KrSa9d5FmETlLXAzDCDMWEhB5wmxhkS0n+h0eAJvAS95B+zhAFkHvSD/XnCIMoTg4+gXQ8Ndb3ZMSCAYOyg2xBWtiT0wY9R8mMYeKXEJbkRa+MR4QzLScYNn/F0cW0g8DuaOj2+8otHyGEg2QmuFP/SjDY2HvS+Ba5E7TGIEmeewfGFQe+hr5B3/h8lMTrJ5TOwiEEFZP7/hkX+mzGAp0YTEGD6tc5krWyexaMj+YUyVdvteu2DIS1y+R4vD5GIVI+k+e+Hwkg204y+hyDZhnnKNrbSgLPFGzWSWQIrxe2T3vKjHaAqydTT05s6cWcTCzW2MRnxeLhkpzRg5j5vLvCXkHHlEDcZzBC2b5xMdmM8IonCTgJxlJEnoy3fC0Z6KDBA16VnOgN7z/5OlpOLrHgq1Ao7ynM0EmeASOa1gTnSjHQUhxAZZUX8GC6LtXKUEPVlQhYIupNAU6exMuM7BcLGfKiTfCD34NYClFKMrzahR47isYw31oIT06UtpadNqtk+m4gxdT496yJ/us4w5/GZU0VlVmn7hhDvt6kJVN9au3s+KxYQqGMi61IhW06VegCtDxXo+BorBrhK1KvfoqlSDhTWLWJWrNi8lypkS9qps/So2BevYttbTrzeFaRQTO1h/sZR6k+EhZLX616aqNaco/exTQ1vU1DJ1q5dlLc4smtlaQrKhBN2lGu8aStX2MXzQe6YcX5lK0GpSesR1bfmkGlzeJreOHv9tLs7GZ9nXGlOxhyPnXKN73Klec7uRTejE4pVO6p5ssypd7RcLKVTzDle3eBWtWwGKXHYeFr7kJap62+s2ndp3veet7335Gl9EztepbvQvZdGr3/sucbL47S9QRxrYypYLwL0t6feSml4JT5TCtrXmSU+rywyDlLOGde6FpxvW2n5XuFHj8Io9LLyoqhi8sT3xhIuLzOXC7qMDnqNsrcvR8ZLWoQreIjPDiMoU7zi8NWZlLNFozplW0LfMbTInqXRWSV60yEI+MpRD/GUtg3PEU0xymPO6J89qmL9Y1qyZWTxlJgtYvNNEbVbhq+YAx5jFi7WzXr3LuXEuGMz4vC6PUv/J4/zNN8t9RitCKaloOs/WnUh+76NJKWgjR9mkk8ZpfhfZry6blqed3fLFRH1qG985z6FWdaqd3EvEOmzQadb0n2U96vKaidZxHnOrYT1rW+uvVMQutrGPjexkK3vZzG62s58N7WhLe9rUrra1r43tbGt729zutre/De5wi3vc5C63uc+N7nSre91NKAAAOw==">
      </div>
    </div>
  </section>
</div>"
`;
